{
  "frame_ids": [
    0,
    16,
    32,
    48,
    64,
    80,
    96,
    112,
    128,
    144,
    160,
    176,
    192,
    208,
    224,
    240,
    256,
    272,
    288,
    304,
    320,
    336,
    352,
    368,
    384,
    400,
    416,
    432,
    448,
    464,
    480,
    496,
    512
  ],
  "features": [
    {
      "name": "RevealElement_position",
      "type": "dpOffset",
      "data_points": [
        {
          "type": "not_found"
        },
        {
          "type": "not_found"
        },
        {
          "type": "not_found"
        },
        {
          "type": "not_found"
        },
        {
          "type": "not_found"
        },
        {
          "type": "not_found"
        },
        {
          "type": "not_found"
        },
        {
          "type": "not_found"
        },
        {
          "x": 17.6,
          "y": 5.2
        },
        {
          "x": 16.4,
          "y": 5.2
        },
        {
          "x": 14.4,
          "y": 5.2
        },
        {
          "x": 12.4,
          "y": 5.2
        },
        {
          "x": 10,
          "y": 5.2
        },
        {
          "x": 7.6,
          "y": 5.2
        },
        {
          "x": 7.6,
          "y": 5.2
        },
        {
          "x": 5.2,
          "y": 5.2
        },
        {
          "x": 5.2,
          "y": 5.2
        },
        {
          "x": 5.2,
          "y": 5.2
        },
        {
          "x": 5.2,
          "y": 5.2
        },
        {
          "x": 5.2,
          "y": 5.2
        },
        {
          "x": 5.2,
          "y": 5.2
        },
        {
          "x": 5.2,
          "y": 5.2
        },
        {
          "x": 5.2,
          "y": 5.2
        },
        {
          "x": 5.2,
          "y": 5.2
        },
        {
          "x": 5.2,
          "y": 5.2
        },
        {
          "x": 5.2,
          "y": 5.2
        },
        {
          "x": 5.2,
          "y": 5.2
        },
        {
          "x": 5.2,
          "y": 5.2
        },
        {
          "x": 5.2,
          "y": 5.2
        },
        {
          "x": 5.2,
          "y": 5.2
        },
        {
          "x": 5.2,
          "y": 5.2
        },
        {
          "x": 5.2,
          "y": 5.2
        },
        {
          "x": 5.2,
          "y": 5.2
        }
      ]
    },
    {
      "name": "RevealElement_size",
      "type": "dpSize",
      "data_points": [
        {
          "type": "not_found"
        },
        {
          "type": "not_found"
        },
        {
          "type": "not_found"
        },
        {
          "type": "not_found"
        },
        {
          "type": "not_found"
        },
        {
          "type": "not_found"
        },
        {
          "type": "not_found"
        },
        {
          "type": "not_found"
        },
        {
          "width": 125.2,
          "height": 2
        },
        {
          "width": 128,
          "height": 4.4
        },
        {
          "width": 132,
          "height": 6.8
        },
        {
          "width": 136,
          "height": 10
        },
        {
          "width": 140.4,
          "height": 13.2
        },
        {
          "width": 145.6,
          "height": 16.8
        },
        {
          "width": 145.6,
          "height": 16.8
        },
        {
          "width": 150,
          "height": 36.8
        },
        {
          "width": 150,
          "height": 81.2
        },
        {
          "width": 150,
          "height": 126.8
        },
        {
          "width": 150,
          "height": 168
        },
        {
          "width": 150,
          "height": 202.8
        },
        {
          "width": 150,
          "height": 230
        },
        {
          "width": 150,
          "height": 250.8
        },
        {
          "width": 150,
          "height": 266.4
        },
        {
          "width": 150,
          "height": 277.6
        },
        {
          "width": 150,
          "height": 285.2
        },
        {
          "width": 150,
          "height": 290.4
        },
        {
          "width": 150,
          "height": 294
        },
        {
          "width": 150,
          "height": 296.4
        },
        {
          "width": 150,
          "height": 298
        },
        {
          "width": 150,
          "height": 298.8
        },
        {
          "width": 150,
          "height": 299.2
        },
        {
          "width": 150,
          "height": 299.6
        },
        {
          "width": 150,
          "height": 299.6
        }
      ]
    },
    {
      "name": "RevealElement_alpha",
      "type": "float",
      "data_points": [
        {
          "type": "not_found"
        },
        {
          "type": "not_found"
        },
        {
          "type": "not_found"
        },
        {
          "type": "not_found"
        },
        {
          "type": "not_found"
        },
        {
          "type": "not_found"
        },
        {
          "type": "not_found"
        },
        {
          "type": "not_found"
        },
        0,
        0,
        0.008216977,
        0.06259775,
        0.19032806,
        0.39281356,
        0.57081985,
        0.7082821,
        0.80721295,
        0.8752918,
        0.9206928,
        0.95026827,
        0.9691833,
        0.98110056,
        0.988515,
        1,
        1,
        1,
        1,
        1,
        1,
        1,
        1,
        1,
        1
      ]
    }
  ]
}