{
  "frame_ids": [
    0,
    16,
    32,
    48,
    64,
    80,
    96,
    112,
    128,
    144,
    160,
    176,
    192,
    208,
    224,
    240,
    256,
    272,
    288,
    304,
    320,
    336,
    352,
    368,
    384,
    400,
    416,
    432,
    448,
    464,
    480,
    496,
    512,
    528,
    544,
    560,
    576,
    592,
    608,
    624,
    640,
    656,
    672,
    688,
    704,
    720,
    736,
    752,
    768,
    784,
    800,
    816,
    832,
    848,
    864,
    880,
    896,
    912,
    928,
    944,
    960,
    976,
    992,
    1008,
    1024,
    1040,
    1056,
    1072,
    1088,
    1104
  ],
  "features": [
    {
      "name": "RevealElement_position",
      "type": "dpOffset",
      "data_points": [
        {
          "type": "not_found"
        },
        {
          "type": "not_found"
        },
        {
          "type": "not_found"
        },
        {
          "type": "not_found"
        },
        {
          "x": 18,
          "y": 5.2
        },
        {
          "x": 17.2,
          "y": 5.2
        },
        {
          "x": 16.4,
          "y": 5.2
        },
        {
          "x": 15.6,
          "y": 5.2
        },
        {
          "x": 14.8,
          "y": 5.2
        },
        {
          "x": 14,
          "y": 5.2
        },
        {
          "x": 13.2,
          "y": 5.2
        },
        {
          "x": 12.4,
          "y": 5.2
        },
        {
          "x": 11.6,
          "y": 5.2
        },
        {
          "x": 10.8,
          "y": 5.2
        },
        {
          "x": 10.4,
          "y": 5.2
        },
        {
          "x": 9.6,
          "y": 5.2
        },
        {
          "x": 8.8,
          "y": 5.2
        },
        {
          "x": 8.4,
          "y": 5.2
        },
        {
          "x": 8,
          "y": 5.2
        },
        {
          "x": 7.2,
          "y": 5.2
        },
        {
          "x": 6.8,
          "y": 5.2
        },
        {
          "x": 6.4,
          "y": 5.2
        },
        {
          "x": 6,
          "y": 5.2
        },
        {
          "x": 5.6,
          "y": 5.2
        },
        {
          "x": 5.2,
          "y": 5.2
        },
        {
          "x": 5.2,
          "y": 5.2
        },
        {
          "x": 5.2,
          "y": 5.2
        },
        {
          "x": 5.2,
          "y": 5.2
        },
        {
          "x": 5.2,
          "y": 5.2
        },
        {
          "x": 5.2,
          "y": 5.2
        },
        {
          "x": 5.2,
          "y": 5.2
        },
        {
          "x": 5.2,
          "y": 5.2
        },
        {
          "x": 5.2,
          "y": 5.2
        },
        {
          "x": 5.2,
          "y": 5.2
        },
        {
          "x": 5.2,
          "y": 5.2
        },
        {
          "x": 5.2,
          "y": 5.2
        },
        {
          "x": 5.2,
          "y": 5.2
        },
        {
          "x": 5.2,
          "y": 5.2
        },
        {
          "x": 5.2,
          "y": 5.2
        },
        {
          "x": 5.2,
          "y": 5.2
        },
        {
          "x": 5.6,
          "y": 5.2
        },
        {
          "x": 6,
          "y": 5.2
        },
        {
          "x": 6.4,
          "y": 5.2
        },
        {
          "x": 6.8,
          "y": 5.2
        },
        {
          "x": 7.2,
          "y": 5.2
        },
        {
          "x": 8,
          "y": 5.2
        },
        {
          "x": 8.4,
          "y": 5.2
        },
        {
          "x": 8.8,
          "y": 5.2
        },
        {
          "x": 9.6,
          "y": 5.2
        },
        {
          "x": 10.4,
          "y": 5.2
        },
        {
          "x": 10.8,
          "y": 5.2
        },
        {
          "x": 11.6,
          "y": 5.2
        },
        {
          "x": 12.4,
          "y": 5.2
        },
        {
          "x": 13.2,
          "y": 5.2
        },
        {
          "x": 14,
          "y": 5.2
        },
        {
          "x": 14.8,
          "y": 5.2
        },
        {
          "x": 15.6,
          "y": 5.2
        },
        {
          "x": 16.4,
          "y": 5.2
        },
        {
          "x": 17.2,
          "y": 5.2
        },
        {
          "x": 18,
          "y": 5.2
        },
        {
          "x": 18.8,
          "y": 5.2
        },
        {
          "x": 19.2,
          "y": 5.2
        },
        {
          "x": 19.2,
          "y": 5.2
        },
        {
          "x": 19.2,
          "y": 5.2
        },
        {
          "x": 19.2,
          "y": 5.2
        },
        {
          "x": 19.2,
          "y": 5.2
        },
        {
          "x": 19.2,
          "y": 5.2
        },
        {
          "x": 19.2,
          "y": 5.2
        },
        {
          "x": 19.2,
          "y": 5.2
        },
        {
          "x": 19.2,
          "y": 5.2
        }
      ]
    },
    {
      "name": "RevealElement_size",
      "type": "dpSize",
      "data_points": [
        {
          "type": "not_found"
        },
        {
          "type": "not_found"
        },
        {
          "type": "not_found"
        },
        {
          "type": "not_found"
        },
        {
          "width": 124.4,
          "height": 1.6
        },
        {
          "width": 126,
          "height": 2.8
        },
        {
          "width": 128,
          "height": 4
        },
        {
          "width": 129.6,
          "height": 5.2
        },
        {
          "width": 131.2,
          "height": 6.4
        },
        {
          "width": 132.8,
          "height": 7.6
        },
        {
          "width": 134.4,
          "height": 8.8
        },
        {
          "width": 136,
          "height": 10
        },
        {
          "width": 137.2,
          "height": 10.8
        },
        {
          "width": 138.8,
          "height": 12
        },
        {
          "width": 140,
          "height": 12.8
        },
        {
          "width": 141.2,
          "height": 13.6
        },
        {
          "width": 142.8,
          "height": 14.8
        },
        {
          "width": 144,
          "height": 15.6
        },
        {
          "width": 144.8,
          "height": 16.4
        },
        {
          "width": 146,
          "height": 17.2
        },
        {
          "width": 146.8,
          "height": 17.6
        },
        {
          "width": 148,
          "height": 18.4
        },
        {
          "width": 148.8,
          "height": 19.2
        },
        {
          "width": 149.6,
          "height": 19.6
        },
        {
          "width": 150,
          "height": 21.2
        },
        {
          "width": 150,
          "height": 24.8
        },
        {
          "width": 150,
          "height": 30
        },
        {
          "width": 150,
          "height": 38
        },
        {
          "width": 150,
          "height": 46
        },
        {
          "width": 150,
          "height": 54
        },
        {
          "width": 150,
          "height": 61.2
        },
        {
          "width": 150,
          "height": 66.8
        },
        {
          "width": 150,
          "height": 71.6
        },
        {
          "width": 150,
          "height": 75.6
        },
        {
          "width": 150,
          "height": 78
        },
        {
          "width": 150,
          "height": 79.6
        },
        {
          "width": 150,
          "height": 80.8
        },
        {
          "width": 150,
          "height": 80.8
        },
        {
          "width": 150,
          "height": 80.4
        },
        {
          "width": 150,
          "height": 79.6
        },
        {
          "width": 149.6,
          "height": 78
        },
        {
          "width": 148.8,
          "height": 76.4
        },
        {
          "width": 148,
          "height": 74
        },
        {
          "width": 146.8,
          "height": 71.6
        },
        {
          "width": 146,
          "height": 69.2
        },
        {
          "width": 144.8,
          "height": 66
        },
        {
          "width": 144,
          "height": 62.8
        },
        {
          "width": 142.8,
          "height": 59.2
        },
        {
          "width": 141.2,
          "height": 55.6
        },
        {
          "width": 140,
          "height": 52
        },
        {
          "width": 138.8,
          "height": 48
        },
        {
          "width": 137.2,
          "height": 44
        },
        {
          "width": 136,
          "height": 40
        },
        {
          "width": 134.4,
          "height": 37.6
        },
        {
          "width": 132.8,
          "height": 38
        },
        {
          "width": 131.2,
          "height": 30.4
        },
        {
          "width": 129.6,
          "height": 25.2
        },
        {
          "width": 128,
          "height": 20.4
        },
        {
          "width": 126,
          "height": 16
        },
        {
          "width": 124.4,
          "height": 12.4
        },
        {
          "width": 122.8,
          "height": 9.2
        },
        {
          "width": 122,
          "height": 6.8
        },
        {
          "width": 122,
          "height": 5.2
        },
        {
          "width": 122,
          "height": 3.6
        },
        {
          "width": 122,
          "height": 2.4
        },
        {
          "width": 122,
          "height": 1.6
        },
        {
          "width": 122,
          "height": 0.8
        },
        {
          "width": 122,
          "height": 0.4
        },
        {
          "width": 122,
          "height": 0.4
        },
        {
          "width": 122,
          "height": 0
        }
      ]
    },
    {
      "name": "RevealElement_alpha",
      "type": "float",
      "data_points": [
        {
          "type": "not_found"
        },
        {
          "type": "not_found"
        },
        {
          "type": "not_found"
        },
        {
          "type": "not_found"
        },
        0,
        0,
        0,
        0,
        0.012518823,
        0.0741024,
        0.22542936,
        0.42628878,
        0.5976642,
        0.7280313,
        0.82100236,
        0.8845844,
        0.9267946,
        0.95419544,
        0.9716705,
        0.98265487,
        0.98947525,
        1,
        1,
        1,
        1,
        1,
        1,
        1,
        1,
        1,
        1,
        1,
        1,
        1,
        1,
        1,
        1,
        1,
        1,
        1,
        1,
        1,
        1,
        1,
        1,
        1,
        1,
        1,
        1,
        1,
        1,
        1,
        1,
        1,
        1,
        1,
        0.9944124,
        0.9417388,
        0.81841844,
        0.61578125,
        0.43616113,
        0.29689062,
        0.19641556,
        0.12716138,
        0.080922,
        0.050773032,
        0.031477194,
        0.019312754,
        0.011740657,
        0
      ]
    }
  ]
}