{
  "frame_ids": [
    0,
    16,
    32,
    48,
    64,
    80,
    96,
    112,
    128,
    144,
    160,
    176,
    192,
    208,
    224,
    240,
    256,
    272,
    288,
    304,
    320,
    336,
    352,
    368,
    384,
    400,
    416,
    432,
    448
  ],
  "features": [
    {
      "name": "RevealElement_position",
      "type": "dpOffset",
      "data_points": [
        {
          "x": 5.2,
          "y": 5.2
        },
        {
          "x": 5.2,
          "y": 5.2
        },
        {
          "x": 5.2,
          "y": 5.2
        },
        {
          "x": 5.2,
          "y": 5.2
        },
        {
          "x": 5.2,
          "y": 5.2
        },
        {
          "x": 5.2,
          "y": 5.2
        },
        {
          "x": 5.2,
          "y": 5.2
        },
        {
          "x": 7.2,
          "y": 5.2
        },
        {
          "x": 11.2,
          "y": 5.2
        },
        {
          "x": 14,
          "y": 5.2
        },
        {
          "x": 16,
          "y": 5.2
        },
        {
          "x": 17.6,
          "y": 5.2
        },
        {
          "x": 18.4,
          "y": 5.2
        },
        {
          "x": 18.8,
          "y": 5.2
        },
        {
          "x": 19.2,
          "y": 5.2
        },
        {
          "x": 19.2,
          "y": 5.2
        },
        {
          "x": 19.2,
          "y": 5.2
        },
        {
          "x": 19.2,
          "y": 5.2
        },
        {
          "x": 19.2,
          "y": 5.2
        },
        {
          "x": 19.2,
          "y": 5.2
        },
        {
          "x": 19.2,
          "y": 5.2
        },
        {
          "x": 19.2,
          "y": 5.2
        },
        {
          "x": 19.2,
          "y": 5.2
        },
        {
          "x": 19.2,
          "y": 5.2
        },
        {
          "x": 19.2,
          "y": 5.2
        },
        {
          "x": 19.2,
          "y": 5.2
        },
        {
          "x": 19.2,
          "y": 5.2
        },
        {
          "x": 19.2,
          "y": 5.2
        },
        {
          "x": 19.2,
          "y": 5.2
        }
      ]
    },
    {
      "name": "RevealElement_size",
      "type": "dpSize",
      "data_points": [
        {
          "width": 150,
          "height": 300
        },
        {
          "width": 150,
          "height": 300
        },
        {
          "width": 150,
          "height": 278.8
        },
        {
          "width": 150,
          "height": 234.8
        },
        {
          "width": 150,
          "height": 185.2
        },
        {
          "width": 150,
          "height": 138.8
        },
        {
          "width": 150,
          "height": 100.4
        },
        {
          "width": 146.4,
          "height": 69.6
        },
        {
          "width": 138.4,
          "height": 46.8
        },
        {
          "width": 132.4,
          "height": 28
        },
        {
          "width": 128.4,
          "height": 13.2
        },
        {
          "width": 125.6,
          "height": 4
        },
        {
          "width": 124,
          "height": 0
        },
        {
          "width": 122.8,
          "height": 0
        },
        {
          "width": 122.4,
          "height": 0
        },
        {
          "width": 122,
          "height": 0
        },
        {
          "width": 122,
          "height": 0
        },
        {
          "width": 122,
          "height": 0
        },
        {
          "width": 122,
          "height": 0
        },
        {
          "width": 122,
          "height": 0
        },
        {
          "width": 122,
          "height": 0
        },
        {
          "width": 122,
          "height": 0
        },
        {
          "width": 122,
          "height": 0
        },
        {
          "width": 122,
          "height": 0
        },
        {
          "width": 122,
          "height": 0
        },
        {
          "width": 122,
          "height": 0
        },
        {
          "width": 122,
          "height": 0
        },
        {
          "width": 122,
          "height": 0
        },
        {
          "width": 122,
          "height": 0
        }
      ]
    },
    {
      "name": "RevealElement_alpha",
      "type": "float",
      "data_points": [
        1,
        1,
        1,
        1,
        1,
        1,
        1,
        1,
        1,
        1,
        0.9762947,
        0.8118515,
        0.60931784,
        0.43090785,
        0.29299664,
        0.19368339,
        0.12531388,
        0.079705715,
        0.049988627,
        0.030979574,
        0.019001365,
        0.011548042,
        0,
        0,
        0,
        0,
        0,
        0,
        0
      ]
    }
  ]
}