{
  "frame_ids": [
    0,
    16,
    32,
    48,
    64,
    80,
    96,
    112,
    128,
    144,
    160,
    176,
    192,
    208,
    224,
    240,
    256,
    272,
    288,
    304
  ],
  "features": [
    {
      "name": "RevealElement_position",
      "type": "dpOffset",
      "data_points": [
        {
          "type": "not_found"
        },
        {
          "x": 19.2,
          "y": 5.2
        },
        {
          "x": 15.6,
          "y": 5.2
        },
        {
          "x": 8,
          "y": 5.2
        },
        {
          "x": 5.2,
          "y": 5.2
        },
        {
          "x": 5.2,
          "y": 5.2
        },
        {
          "x": 5.2,
          "y": 5.2
        },
        {
          "x": 5.2,
          "y": 5.2
        },
        {
          "x": 5.2,
          "y": 5.2
        },
        {
          "x": 5.2,
          "y": 5.2
        },
        {
          "x": 5.2,
          "y": 5.2
        },
        {
          "x": 5.2,
          "y": 5.2
        },
        {
          "x": 5.2,
          "y": 5.2
        },
        {
          "x": 5.2,
          "y": 5.2
        },
        {
          "x": 5.2,
          "y": 5.2
        },
        {
          "x": 5.2,
          "y": 5.2
        },
        {
          "x": 5.2,
          "y": 5.2
        },
        {
          "x": 5.2,
          "y": 5.2
        },
        {
          "x": 5.2,
          "y": 5.2
        },
        {
          "x": 5.2,
          "y": 5.2
        }
      ]
    },
    {
      "name": "RevealElement_size",
      "type": "dpSize",
      "data_points": [
        {
          "type": "not_found"
        },
        {
          "width": 122,
          "height": 0
        },
        {
          "width": 129.2,
          "height": 5.2
        },
        {
          "width": 144.4,
          "height": 16
        },
        {
          "width": 150,
          "height": 62
        },
        {
          "width": 150,
          "height": 118.4
        },
        {
          "width": 150,
          "height": 166
        },
        {
          "width": 150,
          "height": 204
        },
        {
          "width": 150,
          "height": 233.2
        },
        {
          "width": 150,
          "height": 254.4
        },
        {
          "width": 150,
          "height": 270
        },
        {
          "width": 150,
          "height": 280.8
        },
        {
          "width": 150,
          "height": 288
        },
        {
          "width": 150,
          "height": 292.8
        },
        {
          "width": 150,
          "height": 296
        },
        {
          "width": 150,
          "height": 298
        },
        {
          "width": 150,
          "height": 298.8
        },
        {
          "width": 150,
          "height": 299.2
        },
        {
          "width": 150,
          "height": 299.6
        },
        {
          "width": 150,
          "height": 299.6
        }
      ]
    },
    {
      "name": "RevealElement_alpha",
      "type": "float",
      "data_points": [
        {
          "type": "not_found"
        },
        0,
        0,
        0.0951103,
        0.2911651,
        0.48551244,
        0.6439433,
        0.76157355,
        0.8441935,
        0.9001033,
        0.9369305,
        0.96069145,
        0.97577035,
        0.98520935,
        0.9910494,
        1,
        1,
        1,
        1,
        1
      ]
    }
  ]
}