{
  "frame_ids": [
    0,
    16,
    32,
    48,
    64,
    80,
    96,
    112,
    128,
    144,
    160,
    176,
    192,
    208,
    224,
    240,
    256,
    272,
    288,
    304,
    320,
    336,
    352,
    368,
    384,
    400,
    416,
    432,
    448,
    464,
    480,
    496,
    512,
    528,
    544,
    560,
    576,
    592,
    608,
    624,
    640,
    656,
    672,
    688,
    704,
    720,
    736,
    752,
    768,
    784,
    800,
    816,
    832,
    848,
    864,
    880,
    896,
    912,
    928,
    944,
    960,
    976
  ],
  "features": [
    {
      "name": "RevealElement_position",
      "type": "dpOffset",
      "data_points": [
        {
          "x": 5.2,
          "y": 5.2
        },
        {
          "x": 5.2,
          "y": 5.2
        },
        {
          "x": 5.2,
          "y": 5.2
        },
        {
          "x": 5.2,
          "y": 5.2
        },
        {
          "x": 5.2,
          "y": 5.2
        },
        {
          "x": 5.2,
          "y": 5.2
        },
        {
          "x": 5.2,
          "y": 5.2
        },
        {
          "x": 5.2,
          "y": 5.2
        },
        {
          "x": 5.2,
          "y": 5.2
        },
        {
          "x": 5.2,
          "y": 5.2
        },
        {
          "x": 5.2,
          "y": 5.2
        },
        {
          "x": 5.2,
          "y": 5.2
        },
        {
          "x": 5.2,
          "y": 5.2
        },
        {
          "x": 5.2,
          "y": 5.2
        },
        {
          "x": 5.2,
          "y": 5.2
        },
        {
          "x": 5.2,
          "y": 5.2
        },
        {
          "x": 5.2,
          "y": 5.2
        },
        {
          "x": 5.2,
          "y": 5.2
        },
        {
          "x": 5.2,
          "y": 5.2
        },
        {
          "x": 5.2,
          "y": 5.2
        },
        {
          "x": 5.2,
          "y": 5.2
        },
        {
          "x": 5.2,
          "y": 5.2
        },
        {
          "x": 5.2,
          "y": 5.2
        },
        {
          "x": 5.2,
          "y": 5.2
        },
        {
          "x": 5.2,
          "y": 5.2
        },
        {
          "x": 5.2,
          "y": 5.2
        },
        {
          "x": 5.2,
          "y": 5.2
        },
        {
          "x": 5.2,
          "y": 5.2
        },
        {
          "x": 5.2,
          "y": 5.2
        },
        {
          "x": 5.2,
          "y": 5.2
        },
        {
          "x": 5.2,
          "y": 5.2
        },
        {
          "x": 5.2,
          "y": 5.2
        },
        {
          "x": 5.2,
          "y": 5.2
        },
        {
          "x": 5.2,
          "y": 5.2
        },
        {
          "x": 5.2,
          "y": 5.2
        },
        {
          "x": 5.2,
          "y": 5.2
        },
        {
          "x": 5.2,
          "y": 5.2
        },
        {
          "x": 5.2,
          "y": 5.2
        },
        {
          "x": 5.2,
          "y": 5.2
        },
        {
          "x": 5.2,
          "y": 5.2
        },
        {
          "x": 6.8,
          "y": 5.2
        },
        {
          "x": 10.4,
          "y": 5.2
        },
        {
          "x": 13.2,
          "y": 5.2
        },
        {
          "x": 15.2,
          "y": 5.2
        },
        {
          "x": 16.8,
          "y": 5.2
        },
        {
          "x": 17.6,
          "y": 5.2
        },
        {
          "x": 18.4,
          "y": 5.2
        },
        {
          "x": 18.8,
          "y": 5.2
        },
        {
          "x": 19.2,
          "y": 5.2
        },
        {
          "x": 19.2,
          "y": 5.2
        },
        {
          "x": 19.2,
          "y": 5.2
        },
        {
          "x": 19.2,
          "y": 5.2
        },
        {
          "x": 19.2,
          "y": 5.2
        },
        {
          "x": 19.2,
          "y": 5.2
        },
        {
          "x": 19.2,
          "y": 5.2
        },
        {
          "x": 19.2,
          "y": 5.2
        },
        {
          "x": 19.2,
          "y": 5.2
        },
        {
          "x": 19.2,
          "y": 5.2
        },
        {
          "x": 19.2,
          "y": 5.2
        },
        {
          "x": 19.2,
          "y": 5.2
        },
        {
          "x": 19.2,
          "y": 5.2
        },
        {
          "x": 19.2,
          "y": 5.2
        }
      ]
    },
    {
      "name": "RevealElement_size",
      "type": "dpSize",
      "data_points": [
        {
          "width": 150,
          "height": 300
        },
        {
          "width": 150,
          "height": 300
        },
        {
          "width": 150,
          "height": 300
        },
        {
          "width": 150,
          "height": 300
        },
        {
          "width": 150,
          "height": 297.6
        },
        {
          "width": 150,
          "height": 292.4
        },
        {
          "width": 150,
          "height": 287.6
        },
        {
          "width": 150,
          "height": 282.8
        },
        {
          "width": 150,
          "height": 278
        },
        {
          "width": 150,
          "height": 273.2
        },
        {
          "width": 150,
          "height": 268.4
        },
        {
          "width": 150,
          "height": 263.6
        },
        {
          "width": 150,
          "height": 258.8
        },
        {
          "width": 150,
          "height": 258.8
        },
        {
          "width": 150,
          "height": 253.6
        },
        {
          "width": 150,
          "height": 248.8
        },
        {
          "width": 150,
          "height": 244
        },
        {
          "width": 150,
          "height": 239.2
        },
        {
          "width": 150,
          "height": 234.4
        },
        {
          "width": 150,
          "height": 229.6
        },
        {
          "width": 150,
          "height": 224.8
        },
        {
          "width": 150,
          "height": 220
        },
        {
          "width": 150,
          "height": 220
        },
        {
          "width": 150,
          "height": 214.8
        },
        {
          "width": 150,
          "height": 210
        },
        {
          "width": 150,
          "height": 205.2
        },
        {
          "width": 150,
          "height": 200.4
        },
        {
          "width": 150,
          "height": 195.6
        },
        {
          "width": 150,
          "height": 190.8
        },
        {
          "width": 150,
          "height": 186
        },
        {
          "width": 150,
          "height": 181.2
        },
        {
          "width": 150,
          "height": 181.2
        },
        {
          "width": 150,
          "height": 176.4
        },
        {
          "width": 150,
          "height": 171.6
        },
        {
          "width": 150,
          "height": 166.8
        },
        {
          "width": 150,
          "height": 161.6
        },
        {
          "width": 150,
          "height": 161.6
        },
        {
          "width": 150,
          "height": 147.2
        },
        {
          "width": 150,
          "height": 122
        },
        {
          "width": 150,
          "height": 95.2
        },
        {
          "width": 146.8,
          "height": 70.8
        },
        {
          "width": 139.6,
          "height": 50.8
        },
        {
          "width": 134,
          "height": 34
        },
        {
          "width": 130,
          "height": 19.2
        },
        {
          "width": 127.2,
          "height": 9.2
        },
        {
          "width": 125.2,
          "height": 2.8
        },
        {
          "width": 123.6,
          "height": 0
        },
        {
          "width": 122.8,
          "height": 0
        },
        {
          "width": 122.4,
          "height": 0
        },
        {
          "width": 122,
          "height": 0
        },
        {
          "width": 122,
          "height": 0
        },
        {
          "width": 122,
          "height": 0
        },
        {
          "width": 122,
          "height": 0
        },
        {
          "width": 122,
          "height": 0
        },
        {
          "width": 122,
          "height": 0
        },
        {
          "width": 122,
          "height": 0
        },
        {
          "width": 122,
          "height": 0
        },
        {
          "width": 122,
          "height": 0
        },
        {
          "width": 122,
          "height": 0
        },
        {
          "width": 122,
          "height": 0
        },
        {
          "width": 122,
          "height": 0
        },
        {
          "width": 122,
          "height": 0
        }
      ]
    },
    {
      "name": "RevealElement_alpha",
      "type": "float",
      "data_points": [
        1,
        1,
        1,
        1,
        1,
        1,
        1,
        1,
        1,
        1,
        1,
        1,
        1,
        1,
        1,
        1,
        1,
        1,
        1,
        1,
        1,
        1,
        1,
        1,
        1,
        1,
        1,
        1,
        1,
        1,
        1,
        1,
        1,
        1,
        1,
        1,
        1,
        1,
        1,
        1,
        1,
        1,
        1,
        0.99979615,
        0.8860379,
        0.6869267,
        0.4955439,
        0.34154767,
        0.22803628,
        0.14868057,
        0.09515619,
        0.059987247,
        0.037340224,
        0.02299112,
        0.01402092,
        0.008477271,
        0,
        0,
        0,
        0,
        0,
        0
      ]
    }
  ]
}