{
  "frame_ids": [
    0,
    16,
    32,
    48,
    64,
    80,
    96,
    112,
    128,
    144,
    160,
    176,
    192,
    208,
    224,
    240,
    256,
    272,
    288,
    304,
    320,
    336,
    352,
    368,
    384,
    400,
    416,
    432,
    448,
    464,
    480,
    496,
    512,
    528,
    544,
    560,
    576,
    592,
    608,
    624,
    640,
    656,
    672,
    688,
    704,
    720,
    736,
    752,
    768,
    784,
    800,
    816
  ],
  "features": [
    {
      "name": "RevealElement_position",
      "type": "dpOffset",
      "data_points": [
        {
          "type": "not_found"
        },
        {
          "type": "not_found"
        },
        {
          "type": "not_found"
        },
        {
          "x": 18,
          "y": 5.2
        },
        {
          "x": 18,
          "y": 5.2
        },
        {
          "x": 16.8,
          "y": 5.2
        },
        {
          "x": 16,
          "y": 5.2
        },
        {
          "x": 14.8,
          "y": 5.2
        },
        {
          "x": 13.6,
          "y": 5.2
        },
        {
          "x": 12.4,
          "y": 5.2
        },
        {
          "x": 11.2,
          "y": 5.2
        },
        {
          "x": 10.4,
          "y": 5.2
        },
        {
          "x": 9.2,
          "y": 5.2
        },
        {
          "x": 9.2,
          "y": 5.2
        },
        {
          "x": 8,
          "y": 5.2
        },
        {
          "x": 6.8,
          "y": 5.2
        },
        {
          "x": 5.6,
          "y": 5.2
        },
        {
          "x": 5.2,
          "y": 5.2
        },
        {
          "x": 5.2,
          "y": 5.2
        },
        {
          "x": 5.2,
          "y": 5.2
        },
        {
          "x": 5.2,
          "y": 5.2
        },
        {
          "x": 5.2,
          "y": 5.2
        },
        {
          "x": 5.2,
          "y": 5.2
        },
        {
          "x": 5.2,
          "y": 5.2
        },
        {
          "x": 5.2,
          "y": 5.2
        },
        {
          "x": 5.2,
          "y": 5.2
        },
        {
          "x": 5.2,
          "y": 5.2
        },
        {
          "x": 5.2,
          "y": 5.2
        },
        {
          "x": 5.2,
          "y": 5.2
        },
        {
          "x": 5.2,
          "y": 5.2
        },
        {
          "x": 5.2,
          "y": 5.2
        },
        {
          "x": 5.2,
          "y": 5.2
        },
        {
          "x": 5.2,
          "y": 5.2
        },
        {
          "x": 5.2,
          "y": 5.2
        },
        {
          "x": 5.2,
          "y": 5.2
        },
        {
          "x": 5.2,
          "y": 5.2
        },
        {
          "x": 5.2,
          "y": 5.2
        },
        {
          "x": 5.2,
          "y": 5.2
        },
        {
          "x": 5.2,
          "y": 5.2
        },
        {
          "x": 5.2,
          "y": 5.2
        },
        {
          "x": 5.2,
          "y": 5.2
        },
        {
          "x": 5.2,
          "y": 5.2
        },
        {
          "x": 5.2,
          "y": 5.2
        },
        {
          "x": 5.2,
          "y": 5.2
        },
        {
          "x": 5.2,
          "y": 5.2
        },
        {
          "x": 5.2,
          "y": 5.2
        },
        {
          "x": 5.2,
          "y": 5.2
        },
        {
          "x": 5.2,
          "y": 5.2
        },
        {
          "x": 5.2,
          "y": 5.2
        },
        {
          "x": 5.2,
          "y": 5.2
        },
        {
          "x": 5.2,
          "y": 5.2
        },
        {
          "x": 5.2,
          "y": 5.2
        }
      ]
    },
    {
      "name": "RevealElement_size",
      "type": "dpSize",
      "data_points": [
        {
          "type": "not_found"
        },
        {
          "type": "not_found"
        },
        {
          "type": "not_found"
        },
        {
          "width": 124.4,
          "height": 1.6
        },
        {
          "width": 124.4,
          "height": 1.6
        },
        {
          "width": 126.8,
          "height": 3.2
        },
        {
          "width": 128.8,
          "height": 4.8
        },
        {
          "width": 131.2,
          "height": 6.4
        },
        {
          "width": 133.6,
          "height": 8
        },
        {
          "width": 135.6,
          "height": 9.6
        },
        {
          "width": 138,
          "height": 11.2
        },
        {
          "width": 140,
          "height": 12.8
        },
        {
          "width": 142.4,
          "height": 14.4
        },
        {
          "width": 142.4,
          "height": 14.4
        },
        {
          "width": 144.8,
          "height": 16.4
        },
        {
          "width": 147.2,
          "height": 18
        },
        {
          "width": 149.2,
          "height": 19.6
        },
        {
          "width": 150,
          "height": 25.6
        },
        {
          "width": 150,
          "height": 36.4
        },
        {
          "width": 150,
          "height": 45.6
        },
        {
          "width": 150,
          "height": 59.2
        },
        {
          "width": 150,
          "height": 72.8
        },
        {
          "width": 150,
          "height": 79.6
        },
        {
          "width": 150,
          "height": 92.8
        },
        {
          "width": 150,
          "height": 104.4
        },
        {
          "width": 150,
          "height": 115.2
        },
        {
          "width": 150,
          "height": 125.2
        },
        {
          "width": 150,
          "height": 134.8
        },
        {
          "width": 150,
          "height": 143.2
        },
        {
          "width": 150,
          "height": 151.2
        },
        {
          "width": 150,
          "height": 158.8
        },
        {
          "width": 150,
          "height": 160
        },
        {
          "width": 150,
          "height": 167.2
        },
        {
          "width": 150,
          "height": 174.4
        },
        {
          "width": 150,
          "height": 180.8
        },
        {
          "width": 150,
          "height": 187.6
        },
        {
          "width": 150,
          "height": 188
        },
        {
          "width": 150,
          "height": 200.4
        },
        {
          "width": 150,
          "height": 218.4
        },
        {
          "width": 150,
          "height": 236.8
        },
        {
          "width": 150,
          "height": 253.2
        },
        {
          "width": 150,
          "height": 266.8
        },
        {
          "width": 150,
          "height": 277.2
        },
        {
          "width": 150,
          "height": 284.8
        },
        {
          "width": 150,
          "height": 290
        },
        {
          "width": 150,
          "height": 294
        },
        {
          "width": 150,
          "height": 296.4
        },
        {
          "width": 150,
          "height": 298
        },
        {
          "width": 150,
          "height": 298.8
        },
        {
          "width": 150,
          "height": 299.6
        },
        {
          "width": 150,
          "height": 299.6
        },
        {
          "width": 150,
          "height": 300
        }
      ]
    },
    {
      "name": "RevealElement_alpha",
      "type": "float",
      "data_points": [
        {
          "type": "not_found"
        },
        {
          "type": "not_found"
        },
        {
          "type": "not_found"
        },
        0,
        0,
        0,
        0,
        0.0067873597,
        0.06125766,
        0.19080031,
        0.39327443,
        0.5711931,
        0.7085583,
        0.8074065,
        0.8754226,
        0.9207788,
        0.95032376,
        0.9692185,
        0.98112255,
        0.9885286,
        1,
        1,
        1,
        1,
        1,
        1,
        1,
        1,
        1,
        1,
        1,
        1,
        1,
        1,
        1,
        1,
        1,
        1,
        1,
        1,
        1,
        1,
        1,
        1,
        1,
        1,
        1,
        1,
        1,
        1,
        1,
        1
      ]
    }
  ]
}