{
  "frame_ids": [
    0,
    16,
    32,
    48,
    64,
    80,
    96,
    112,
    128,
    144,
    160,
    176,
    192,
    208,
    224,
    240,
    256,
    272,
    288,
    304,
    320,
    336,
    352,
    368,
    384,
    400,
    416,
    432,
    448,
    464,
    480,
    496,
    512,
    528,
    544,
    560,
    576,
    592,
    608,
    624,
    640,
    656,
    672,
    688,
    704,
    720,
    736,
    752,
    768,
    784,
    800,
    816,
    832,
    848,
    864,
    880,
    896,
    912,
    928,
    944
  ],
  "features": [
    {
      "name": "RevealElement_position",
      "type": "dpOffset",
      "data_points": [
        {
          "x": 5.2,
          "y": 5.2
        },
        {
          "x": 5.2,
          "y": 5.2
        },
        {
          "x": 5.2,
          "y": 5.2
        },
        {
          "x": 5.2,
          "y": 5.2
        },
        {
          "x": 5.2,
          "y": 5.2
        },
        {
          "x": 5.2,
          "y": 5.2
        },
        {
          "x": 5.2,
          "y": 5.2
        },
        {
          "x": 5.2,
          "y": 5.2
        },
        {
          "x": 5.2,
          "y": 5.2
        },
        {
          "x": 5.2,
          "y": 5.2
        },
        {
          "x": 5.2,
          "y": 5.2
        },
        {
          "x": 5.2,
          "y": 5.2
        },
        {
          "x": 5.2,
          "y": 5.2
        },
        {
          "x": 5.2,
          "y": 5.2
        },
        {
          "x": 5.2,
          "y": 5.2
        },
        {
          "x": 5.2,
          "y": 5.2
        },
        {
          "x": 5.2,
          "y": 5.2
        },
        {
          "x": 5.2,
          "y": 5.2
        },
        {
          "x": 5.2,
          "y": 5.2
        },
        {
          "x": 5.2,
          "y": 5.2
        },
        {
          "x": 5.2,
          "y": 5.2
        },
        {
          "x": 5.2,
          "y": 5.2
        },
        {
          "x": 5.2,
          "y": 5.2
        },
        {
          "x": 5.2,
          "y": 5.2
        },
        {
          "x": 5.2,
          "y": 5.2
        },
        {
          "x": 5.2,
          "y": 5.2
        },
        {
          "x": 5.2,
          "y": 5.2
        },
        {
          "x": 5.2,
          "y": 5.2
        },
        {
          "x": 5.2,
          "y": 5.2
        },
        {
          "x": 5.2,
          "y": 5.2
        },
        {
          "x": 5.2,
          "y": 5.2
        },
        {
          "x": 5.2,
          "y": 5.2
        },
        {
          "x": 5.2,
          "y": 5.2
        },
        {
          "x": 5.2,
          "y": 5.2
        },
        {
          "x": 5.2,
          "y": 5.2
        },
        {
          "x": 5.2,
          "y": 5.2
        },
        {
          "x": 5.2,
          "y": 5.2
        },
        {
          "x": 5.2,
          "y": 5.2
        },
        {
          "x": 5.2,
          "y": 5.2
        },
        {
          "x": 8.4,
          "y": 5.2
        },
        {
          "x": 11.2,
          "y": 5.2
        },
        {
          "x": 13.6,
          "y": 5.2
        },
        {
          "x": 15.6,
          "y": 5.2
        },
        {
          "x": 16.8,
          "y": 5.2
        },
        {
          "x": 17.6,
          "y": 5.2
        },
        {
          "x": 18.4,
          "y": 5.2
        },
        {
          "x": 18.8,
          "y": 5.2
        },
        {
          "x": 19.2,
          "y": 5.2
        },
        {
          "x": 19.2,
          "y": 5.2
        },
        {
          "x": 19.2,
          "y": 5.2
        },
        {
          "x": 19.2,
          "y": 5.2
        },
        {
          "x": 19.2,
          "y": 5.2
        },
        {
          "x": 19.2,
          "y": 5.2
        },
        {
          "x": 19.2,
          "y": 5.2
        },
        {
          "x": 19.2,
          "y": 5.2
        },
        {
          "x": 19.2,
          "y": 5.2
        },
        {
          "x": 19.2,
          "y": 5.2
        },
        {
          "x": 19.2,
          "y": 5.2
        },
        {
          "x": 19.2,
          "y": 5.2
        },
        {
          "x": 19.2,
          "y": 5.2
        }
      ]
    },
    {
      "name": "RevealElement_size",
      "type": "dpSize",
      "data_points": [
        {
          "width": 150,
          "height": 300
        },
        {
          "width": 150,
          "height": 300
        },
        {
          "width": 150,
          "height": 300
        },
        {
          "width": 150,
          "height": 292.8
        },
        {
          "width": 150,
          "height": 292.8
        },
        {
          "width": 150,
          "height": 286
        },
        {
          "width": 150,
          "height": 279.6
        },
        {
          "width": 150,
          "height": 273.2
        },
        {
          "width": 150,
          "height": 266.8
        },
        {
          "width": 150,
          "height": 260.4
        },
        {
          "width": 150,
          "height": 254
        },
        {
          "width": 150,
          "height": 247.6
        },
        {
          "width": 150,
          "height": 241.2
        },
        {
          "width": 150,
          "height": 241.2
        },
        {
          "width": 150,
          "height": 234.4
        },
        {
          "width": 150,
          "height": 228
        },
        {
          "width": 150,
          "height": 221.6
        },
        {
          "width": 150,
          "height": 215.2
        },
        {
          "width": 150,
          "height": 208.8
        },
        {
          "width": 150,
          "height": 202
        },
        {
          "width": 150,
          "height": 195.6
        },
        {
          "width": 150,
          "height": 189.2
        },
        {
          "width": 150,
          "height": 189.2
        },
        {
          "width": 150,
          "height": 182.8
        },
        {
          "width": 150,
          "height": 176.4
        },
        {
          "width": 150,
          "height": 170
        },
        {
          "width": 150,
          "height": 163.6
        },
        {
          "width": 150,
          "height": 157.2
        },
        {
          "width": 150,
          "height": 150.8
        },
        {
          "width": 150,
          "height": 144.4
        },
        {
          "width": 150,
          "height": 137.6
        },
        {
          "width": 150,
          "height": 137.6
        },
        {
          "width": 150,
          "height": 131.2
        },
        {
          "width": 150,
          "height": 124.8
        },
        {
          "width": 150,
          "height": 118.4
        },
        {
          "width": 150,
          "height": 112
        },
        {
          "width": 150,
          "height": 112
        },
        {
          "width": 150,
          "height": 99.2
        },
        {
          "width": 150,
          "height": 81.2
        },
        {
          "width": 144,
          "height": 62.8
        },
        {
          "width": 138,
          "height": 46.4
        },
        {
          "width": 133.2,
          "height": 32
        },
        {
          "width": 129.6,
          "height": 20.4
        },
        {
          "width": 127.2,
          "height": 12
        },
        {
          "width": 125.2,
          "height": 6.4
        },
        {
          "width": 124,
          "height": 2.8
        },
        {
          "width": 123.2,
          "height": 0.4
        },
        {
          "width": 122.4,
          "height": 0
        },
        {
          "width": 122,
          "height": 0
        },
        {
          "width": 122,
          "height": 0
        },
        {
          "width": 122,
          "height": 0
        },
        {
          "width": 122,
          "height": 0
        },
        {
          "width": 122,
          "height": 0
        },
        {
          "width": 122,
          "height": 0
        },
        {
          "width": 122,
          "height": 0
        },
        {
          "width": 122,
          "height": 0
        },
        {
          "width": 122,
          "height": 0
        },
        {
          "width": 122,
          "height": 0
        },
        {
          "width": 122,
          "height": 0
        },
        {
          "width": 122,
          "height": 0
        }
      ]
    },
    {
      "name": "RevealElement_alpha",
      "type": "float",
      "data_points": [
        1,
        1,
        1,
        1,
        1,
        1,
        1,
        1,
        1,
        1,
        1,
        1,
        1,
        1,
        1,
        1,
        1,
        1,
        1,
        1,
        1,
        1,
        1,
        1,
        1,
        1,
        1,
        1,
        1,
        1,
        1,
        1,
        1,
        1,
        1,
        1,
        1,
        1,
        1,
        1,
        1,
        1,
        0.99781144,
        0.87040234,
        0.6695792,
        0.48078007,
        0.33033127,
        0.22004372,
        0.1432175,
        0.09153092,
        0.057634592,
        0.035840213,
        0.022048414,
        0.013435662,
        0.008117795,
        0,
        0,
        0,
        0,
        0
      ]
    }
  ]
}