{
  "frame_ids": [
    0,
    16,
    32,
    48,
    64,
    80,
    96,
    112,
    128,
    144,
    160,
    176,
    192,
    208,
    224,
    240,
    256,
    272,
    288,
    304,
    320,
    336,
    352,
    368,
    384,
    400,
    416,
    432,
    448,
    464,
    480,
    496,
    512,
    528,
    544,
    560,
    576,
    592,
    608,
    624,
    640
  ],
  "features": [
    {
      "name": "RevealElement_position",
      "type": "dpOffset",
      "data_points": [
        {
          "x": 5.2,
          "y": 5.2
        },
        {
          "x": 5.2,
          "y": 5.2
        },
        {
          "x": 5.2,
          "y": 5.2
        },
        {
          "x": 5.2,
          "y": 5.2
        },
        {
          "x": 5.2,
          "y": 5.2
        },
        {
          "x": 5.2,
          "y": 5.2
        },
        {
          "x": 5.2,
          "y": 5.2
        },
        {
          "x": 5.2,
          "y": 5.2
        },
        {
          "x": 5.2,
          "y": 5.2
        },
        {
          "x": 5.2,
          "y": 5.2
        },
        {
          "x": 5.2,
          "y": 5.2
        },
        {
          "x": 5.2,
          "y": 5.2
        },
        {
          "x": 5.2,
          "y": 5.2
        },
        {
          "x": 5.2,
          "y": 5.2
        },
        {
          "x": 5.2,
          "y": 5.2
        },
        {
          "x": 5.2,
          "y": 5.2
        },
        {
          "x": 5.2,
          "y": 5.2
        },
        {
          "x": 5.2,
          "y": 5.2
        },
        {
          "x": 5.2,
          "y": 5.2
        },
        {
          "x": 6.4,
          "y": 5.2
        },
        {
          "x": 10.4,
          "y": 5.2
        },
        {
          "x": 13.6,
          "y": 5.2
        },
        {
          "x": 15.6,
          "y": 5.2
        },
        {
          "x": 17.2,
          "y": 5.2
        },
        {
          "x": 18,
          "y": 5.2
        },
        {
          "x": 18.8,
          "y": 5.2
        },
        {
          "x": 19.2,
          "y": 5.2
        },
        {
          "x": 19.2,
          "y": 5.2
        },
        {
          "x": 19.2,
          "y": 5.2
        },
        {
          "x": 19.2,
          "y": 5.2
        },
        {
          "x": 19.2,
          "y": 5.2
        },
        {
          "x": 19.2,
          "y": 5.2
        },
        {
          "x": 19.2,
          "y": 5.2
        },
        {
          "x": 19.2,
          "y": 5.2
        },
        {
          "x": 19.2,
          "y": 5.2
        },
        {
          "x": 19.2,
          "y": 5.2
        },
        {
          "x": 19.2,
          "y": 5.2
        },
        {
          "x": 19.2,
          "y": 5.2
        },
        {
          "x": 19.2,
          "y": 5.2
        },
        {
          "x": 19.2,
          "y": 5.2
        },
        {
          "x": 19.2,
          "y": 5.2
        }
      ]
    },
    {
      "name": "RevealElement_size",
      "type": "dpSize",
      "data_points": [
        {
          "width": 150,
          "height": 300
        },
        {
          "width": 150,
          "height": 300
        },
        {
          "width": 150,
          "height": 300
        },
        {
          "width": 150,
          "height": 300
        },
        {
          "width": 150,
          "height": 300
        },
        {
          "width": 150,
          "height": 300
        },
        {
          "width": 150,
          "height": 300
        },
        {
          "width": 150,
          "height": 300
        },
        {
          "width": 150,
          "height": 300
        },
        {
          "width": 150,
          "height": 300
        },
        {
          "width": 150,
          "height": 288.8
        },
        {
          "width": 150,
          "height": 278.8
        },
        {
          "width": 150,
          "height": 266
        },
        {
          "width": 150,
          "height": 252
        },
        {
          "width": 150,
          "height": 252
        },
        {
          "width": 150,
          "height": 224
        },
        {
          "width": 150,
          "height": 183.2
        },
        {
          "width": 150,
          "height": 141.6
        },
        {
          "width": 150,
          "height": 104.4
        },
        {
          "width": 148,
          "height": 74.4
        },
        {
          "width": 139.6,
          "height": 51.2
        },
        {
          "width": 133.6,
          "height": 32.4
        },
        {
          "width": 129.6,
          "height": 15.6
        },
        {
          "width": 126.4,
          "height": 5.2
        },
        {
          "width": 124.4,
          "height": 0
        },
        {
          "width": 123.2,
          "height": 0
        },
        {
          "width": 122.4,
          "height": 0
        },
        {
          "width": 122,
          "height": 0
        },
        {
          "width": 122,
          "height": 0
        },
        {
          "width": 122,
          "height": 0
        },
        {
          "width": 122,
          "height": 0
        },
        {
          "width": 122,
          "height": 0
        },
        {
          "width": 122,
          "height": 0
        },
        {
          "width": 122,
          "height": 0
        },
        {
          "width": 122,
          "height": 0
        },
        {
          "width": 122,
          "height": 0
        },
        {
          "width": 122,
          "height": 0
        },
        {
          "width": 122,
          "height": 0
        },
        {
          "width": 122,
          "height": 0
        },
        {
          "width": 122,
          "height": 0
        },
        {
          "width": 122,
          "height": 0
        }
      ]
    },
    {
      "name": "RevealElement_alpha",
      "type": "float",
      "data_points": [
        1,
        1,
        1,
        1,
        1,
        1,
        1,
        1,
        1,
        1,
        1,
        1,
        1,
        1,
        1,
        1,
        1,
        1,
        1,
        1,
        1,
        1,
        0.99532944,
        0.8594856,
        0.65783304,
        0.47089338,
        0.32286334,
        0.21474117,
        0.139602,
        0.089136004,
        0.056082606,
        0.03485179,
        0.02142787,
        0.013050735,
        0.007881463,
        0,
        0,
        0,
        0,
        0,
        0
      ]
    }
  ]
}