{
  "frame_ids": [
    0,
    16,
    32,
    48,
    64,
    80,
    96,
    112,
    128,
    144,
    160,
    176,
    192,
    208,
    224,
    240,
    256,
    272,
    288,
    304,
    320,
    336,
    352,
    368,
    384,
    400,
    416,
    432,
    448,
    464,
    480,
    496,
    512,
    528,
    544,
    560,
    576,
    592,
    608,
    624,
    640,
    656,
    672,
    688,
    704,
    720,
    736,
    752,
    768,
    784,
    800,
    816
  ],
  "features": [
    {
      "name": "RevealElement_position",
      "type": "dpOffset",
      "data_points": [
        {
          "type": "not_found"
        },
        {
          "type": "not_found"
        },
        {
          "type": "not_found"
        },
        {
          "x": 5.2,
          "y": 5.2
        },
        {
          "x": 5.2,
          "y": 5.2
        },
        {
          "x": 5.2,
          "y": 5.2
        },
        {
          "x": 5.2,
          "y": 5.2
        },
        {
          "x": 5.2,
          "y": 5.2
        },
        {
          "x": 5.2,
          "y": 5.2
        },
        {
          "x": 5.2,
          "y": 5.2
        },
        {
          "x": 5.2,
          "y": 5.2
        },
        {
          "x": 5.2,
          "y": 5.2
        },
        {
          "x": 5.2,
          "y": 5.2
        },
        {
          "x": 5.2,
          "y": 5.2
        },
        {
          "x": 5.2,
          "y": 5.2
        },
        {
          "x": 5.2,
          "y": 5.2
        },
        {
          "x": 5.2,
          "y": 5.2
        },
        {
          "x": 5.2,
          "y": 5.2
        },
        {
          "x": 5.2,
          "y": 5.2
        },
        {
          "x": 5.2,
          "y": 5.2
        },
        {
          "x": 5.2,
          "y": 5.2
        },
        {
          "x": 5.2,
          "y": 5.2
        },
        {
          "x": 5.2,
          "y": 5.2
        },
        {
          "x": 5.2,
          "y": 5.2
        },
        {
          "x": 5.2,
          "y": 5.2
        },
        {
          "x": 5.2,
          "y": 5.2
        },
        {
          "x": 5.2,
          "y": 5.2
        },
        {
          "x": 5.2,
          "y": 5.2
        },
        {
          "x": 5.2,
          "y": 5.2
        },
        {
          "x": 5.2,
          "y": 5.2
        },
        {
          "x": 5.2,
          "y": 5.2
        },
        {
          "x": 5.2,
          "y": 5.2
        },
        {
          "x": 5.2,
          "y": 5.2
        },
        {
          "x": 5.2,
          "y": 5.2
        },
        {
          "x": 5.2,
          "y": 5.2
        },
        {
          "x": 5.2,
          "y": 5.2
        },
        {
          "x": 5.2,
          "y": 5.2
        },
        {
          "x": 5.2,
          "y": 5.2
        },
        {
          "x": 5.2,
          "y": 5.2
        },
        {
          "x": 5.2,
          "y": 5.2
        },
        {
          "x": 5.2,
          "y": 5.2
        },
        {
          "x": 5.2,
          "y": 5.2
        },
        {
          "x": 5.2,
          "y": 5.2
        },
        {
          "x": 5.2,
          "y": 5.2
        },
        {
          "x": 5.2,
          "y": 5.2
        },
        {
          "x": 5.2,
          "y": 5.2
        },
        {
          "x": 5.2,
          "y": 5.2
        },
        {
          "x": 5.2,
          "y": 5.2
        },
        {
          "x": 5.2,
          "y": 5.2
        },
        {
          "x": 5.2,
          "y": 5.2
        },
        {
          "x": 5.2,
          "y": 5.2
        },
        {
          "x": 5.2,
          "y": 5.2
        }
      ]
    },
    {
      "name": "RevealElement_size",
      "type": "dpSize",
      "data_points": [
        {
          "type": "not_found"
        },
        {
          "type": "not_found"
        },
        {
          "type": "not_found"
        },
        {
          "width": 150,
          "height": 1.6
        },
        {
          "width": 150,
          "height": 1.6
        },
        {
          "width": 150,
          "height": 3.2
        },
        {
          "width": 150,
          "height": 4.8
        },
        {
          "width": 150,
          "height": 6.4
        },
        {
          "width": 150,
          "height": 8
        },
        {
          "width": 150,
          "height": 9.6
        },
        {
          "width": 150,
          "height": 11.2
        },
        {
          "width": 150,
          "height": 12.8
        },
        {
          "width": 150,
          "height": 14.4
        },
        {
          "width": 150,
          "height": 14.4
        },
        {
          "width": 150,
          "height": 16.4
        },
        {
          "width": 150,
          "height": 18
        },
        {
          "width": 150,
          "height": 19.6
        },
        {
          "width": 150,
          "height": 20.8
        },
        {
          "width": 150,
          "height": 22.8
        },
        {
          "width": 150,
          "height": 24.4
        },
        {
          "width": 150,
          "height": 26
        },
        {
          "width": 150,
          "height": 27.6
        },
        {
          "width": 150,
          "height": 27.6
        },
        {
          "width": 150,
          "height": 29.2
        },
        {
          "width": 150,
          "height": 30.8
        },
        {
          "width": 150,
          "height": 32.4
        },
        {
          "width": 150,
          "height": 34
        },
        {
          "width": 150,
          "height": 40.4
        },
        {
          "width": 150,
          "height": 52.4
        },
        {
          "width": 150,
          "height": 64.8
        },
        {
          "width": 150,
          "height": 83.2
        },
        {
          "width": 150,
          "height": 96
        },
        {
          "width": 150,
          "height": 114.8
        },
        {
          "width": 150,
          "height": 132
        },
        {
          "width": 150,
          "height": 148
        },
        {
          "width": 150,
          "height": 162
        },
        {
          "width": 150,
          "height": 168.4
        },
        {
          "width": 150,
          "height": 186
        },
        {
          "width": 150,
          "height": 208
        },
        {
          "width": 150,
          "height": 229.6
        },
        {
          "width": 150,
          "height": 248.4
        },
        {
          "width": 150,
          "height": 263.2
        },
        {
          "width": 150,
          "height": 274.8
        },
        {
          "width": 150,
          "height": 283.2
        },
        {
          "width": 150,
          "height": 289.2
        },
        {
          "width": 150,
          "height": 293.6
        },
        {
          "width": 150,
          "height": 296
        },
        {
          "width": 150,
          "height": 298
        },
        {
          "width": 150,
          "height": 298.8
        },
        {
          "width": 150,
          "height": 299.6
        },
        {
          "width": 150,
          "height": 299.6
        },
        {
          "width": 150,
          "height": 300
        }
      ]
    },
    {
      "name": "RevealElement_alpha",
      "type": "float",
      "data_points": [
        {
          "type": "not_found"
        },
        {
          "type": "not_found"
        },
        {
          "type": "not_found"
        },
        0,
        0,
        0,
        0,
        0.0067873597,
        0.06125766,
        0.19080031,
        0.39327443,
        0.5711931,
        0.7085583,
        0.8074065,
        0.8754226,
        0.9207788,
        0.95032376,
        0.9692185,
        0.98112255,
        0.9885286,
        1,
        1,
        1,
        1,
        1,
        1,
        1,
        1,
        1,
        1,
        1,
        1,
        1,
        1,
        1,
        1,
        1,
        1,
        1,
        1,
        1,
        1,
        1,
        1,
        1,
        1,
        1,
        1,
        1,
        1,
        1,
        1
      ]
    }
  ]
}