{
  "frame_ids": [
    0,
    16,
    32,
    48,
    64,
    80,
    96,
    112,
    128,
    144,
    160,
    176,
    192,
    208,
    224,
    240,
    256,
    272,
    288,
    304,
    320,
    336,
    352,
    368,
    384,
    400,
    416,
    432,
    448,
    464,
    480,
    496,
    512,
    528,
    544,
    560,
    576,
    592,
    608,
    624,
    640,
    656,
    672,
    688,
    704,
    720,
    736,
    752,
    768,
    784,
    800,
    816,
    832,
    848,
    864,
    880,
    896,
    912,
    928,
    944,
    960,
    976,
    992,
    1008,
    1024,
    1040,
    1056,
    1072,
    1088,
    1104,
    1120,
    1136
  ],
  "features": [
    {
      "name": "RevealElement_position",
      "type": "dpOffset",
      "data_points": [
        {
          "type": "not_found"
        },
        {
          "type": "not_found"
        },
        {
          "type": "not_found"
        },
        {
          "x": 5.2,
          "y": 5.2
        },
        {
          "x": 5.2,
          "y": 5.2
        },
        {
          "x": 5.2,
          "y": 5.2
        },
        {
          "x": 5.2,
          "y": 5.2
        },
        {
          "x": 5.2,
          "y": 5.2
        },
        {
          "x": 5.2,
          "y": 5.2
        },
        {
          "x": 5.2,
          "y": 5.2
        },
        {
          "x": 5.2,
          "y": 5.2
        },
        {
          "x": 5.2,
          "y": 5.2
        },
        {
          "x": 5.2,
          "y": 5.2
        },
        {
          "x": 5.2,
          "y": 5.2
        },
        {
          "x": 5.2,
          "y": 5.2
        },
        {
          "x": 5.2,
          "y": 5.2
        },
        {
          "x": 5.2,
          "y": 5.2
        },
        {
          "x": 5.2,
          "y": 5.2
        },
        {
          "x": 5.2,
          "y": 5.2
        },
        {
          "x": 5.2,
          "y": 5.2
        },
        {
          "x": 5.2,
          "y": 5.2
        },
        {
          "x": 5.2,
          "y": 5.2
        },
        {
          "x": 5.2,
          "y": 5.2
        },
        {
          "x": 5.2,
          "y": 5.2
        },
        {
          "x": 5.2,
          "y": 5.2
        },
        {
          "x": 5.2,
          "y": 5.2
        },
        {
          "x": 5.2,
          "y": 5.2
        },
        {
          "x": 5.2,
          "y": 5.2
        },
        {
          "x": 5.2,
          "y": 5.2
        },
        {
          "x": 5.2,
          "y": 5.2
        },
        {
          "x": 5.2,
          "y": 5.2
        },
        {
          "x": 5.2,
          "y": 5.2
        },
        {
          "x": 5.2,
          "y": 5.2
        },
        {
          "x": 5.2,
          "y": 5.2
        },
        {
          "x": 5.2,
          "y": 5.2
        },
        {
          "x": 5.2,
          "y": 5.2
        },
        {
          "x": 5.2,
          "y": 5.2
        },
        {
          "x": 5.2,
          "y": 5.2
        },
        {
          "x": 5.2,
          "y": 5.2
        },
        {
          "x": 5.2,
          "y": 5.2
        },
        {
          "x": 5.2,
          "y": 5.2
        },
        {
          "x": 5.2,
          "y": 5.2
        },
        {
          "x": 5.2,
          "y": 5.2
        },
        {
          "x": 5.2,
          "y": 5.2
        },
        {
          "x": 5.2,
          "y": 5.2
        },
        {
          "x": 5.2,
          "y": 5.2
        },
        {
          "x": 5.2,
          "y": 5.2
        },
        {
          "x": 5.2,
          "y": 5.2
        },
        {
          "x": 5.2,
          "y": 5.2
        },
        {
          "x": 5.2,
          "y": 5.2
        },
        {
          "x": 5.2,
          "y": 5.2
        },
        {
          "x": 5.2,
          "y": 5.2
        },
        {
          "x": 5.2,
          "y": 5.2
        },
        {
          "x": 5.2,
          "y": 5.2
        },
        {
          "x": 5.2,
          "y": 5.2
        },
        {
          "x": 5.2,
          "y": 5.2
        },
        {
          "x": 5.2,
          "y": 5.2
        },
        {
          "x": 5.2,
          "y": 5.2
        },
        {
          "x": 5.2,
          "y": 5.2
        },
        {
          "x": 5.2,
          "y": 5.2
        },
        {
          "x": 5.2,
          "y": 5.2
        },
        {
          "x": 5.2,
          "y": 5.2
        },
        {
          "x": 5.2,
          "y": 5.2
        },
        {
          "x": 5.2,
          "y": 5.2
        },
        {
          "x": 5.2,
          "y": 5.2
        },
        {
          "x": 5.2,
          "y": 5.2
        },
        {
          "x": 5.2,
          "y": 5.2
        },
        {
          "x": 5.2,
          "y": 5.2
        },
        {
          "x": 5.2,
          "y": 5.2
        },
        {
          "x": 5.2,
          "y": 5.2
        },
        {
          "x": 5.2,
          "y": 5.2
        },
        {
          "x": 5.2,
          "y": 5.2
        }
      ]
    },
    {
      "name": "RevealElement_size",
      "type": "dpSize",
      "data_points": [
        {
          "type": "not_found"
        },
        {
          "type": "not_found"
        },
        {
          "type": "not_found"
        },
        {
          "width": 150,
          "height": 2.8
        },
        {
          "width": 150,
          "height": 4.8
        },
        {
          "width": 150,
          "height": 6.8
        },
        {
          "width": 150,
          "height": 8.4
        },
        {
          "width": 150,
          "height": 10.4
        },
        {
          "width": 150,
          "height": 12.4
        },
        {
          "width": 150,
          "height": 14
        },
        {
          "width": 150,
          "height": 16
        },
        {
          "width": 150,
          "height": 17.6
        },
        {
          "width": 150,
          "height": 19.2
        },
        {
          "width": 150,
          "height": 20.8
        },
        {
          "width": 150,
          "height": 22.4
        },
        {
          "width": 150,
          "height": 24
        },
        {
          "width": 150,
          "height": 25.6
        },
        {
          "width": 150,
          "height": 26.8
        },
        {
          "width": 150,
          "height": 28
        },
        {
          "width": 150,
          "height": 29.2
        },
        {
          "width": 150,
          "height": 30.4
        },
        {
          "width": 150,
          "height": 31.6
        },
        {
          "width": 150,
          "height": 32.4
        },
        {
          "width": 150,
          "height": 33.2
        },
        {
          "width": 150,
          "height": 34
        },
        {
          "width": 150,
          "height": 36.8
        },
        {
          "width": 150,
          "height": 42.4
        },
        {
          "width": 150,
          "height": 50.8
        },
        {
          "width": 150,
          "height": 64
        },
        {
          "width": 150,
          "height": 78
        },
        {
          "width": 150,
          "height": 91.2
        },
        {
          "width": 150,
          "height": 102.4
        },
        {
          "width": 150,
          "height": 112.4
        },
        {
          "width": 150,
          "height": 120
        },
        {
          "width": 150,
          "height": 126
        },
        {
          "width": 150,
          "height": 130
        },
        {
          "width": 150,
          "height": 132.8
        },
        {
          "width": 150,
          "height": 134
        },
        {
          "width": 150,
          "height": 134
        },
        {
          "width": 150,
          "height": 133.2
        },
        {
          "width": 150,
          "height": 131.2
        },
        {
          "width": 150,
          "height": 128.8
        },
        {
          "width": 150,
          "height": 125.2
        },
        {
          "width": 150,
          "height": 121.6
        },
        {
          "width": 150,
          "height": 117.6
        },
        {
          "width": 150,
          "height": 112.8
        },
        {
          "width": 150,
          "height": 108
        },
        {
          "width": 150,
          "height": 102.4
        },
        {
          "width": 150,
          "height": 96.4
        },
        {
          "width": 150,
          "height": 91.2
        },
        {
          "width": 150,
          "height": 88
        },
        {
          "width": 150,
          "height": 81.6
        },
        {
          "width": 150,
          "height": 70.8
        },
        {
          "width": 150,
          "height": 59.2
        },
        {
          "width": 150,
          "height": 48
        },
        {
          "width": 150,
          "height": 38.4
        },
        {
          "width": 150,
          "height": 30
        },
        {
          "width": 150,
          "height": 22.8
        },
        {
          "width": 150,
          "height": 17.2
        },
        {
          "width": 150,
          "height": 12.4
        },
        {
          "width": 150,
          "height": 9.2
        },
        {
          "width": 150,
          "height": 6.4
        },
        {
          "width": 150,
          "height": 4.4
        },
        {
          "width": 150,
          "height": 2.8
        },
        {
          "width": 150,
          "height": 1.6
        },
        {
          "width": 150,
          "height": 1.2
        },
        {
          "width": 150,
          "height": 0.4
        },
        {
          "width": 150,
          "height": 0
        },
        {
          "width": 150,
          "height": 0
        },
        {
          "width": 150,
          "height": 0
        },
        {
          "width": 150,
          "height": 0
        },
        {
          "width": 150,
          "height": 0
        }
      ]
    },
    {
      "name": "RevealElement_alpha",
      "type": "float",
      "data_points": [
        {
          "type": "not_found"
        },
        {
          "type": "not_found"
        },
        {
          "type": "not_found"
        },
        0,
        0,
        0.0066464543,
        0.059778452,
        0.1875459,
        0.39009166,
        0.5686131,
        0.70664865,
        0.8060679,
        0.87451804,
        0.92018366,
        0.94994,
        0.9689752,
        0.9809703,
        0.98843443,
        1,
        1,
        1,
        1,
        1,
        1,
        1,
        1,
        1,
        1,
        1,
        1,
        1,
        1,
        1,
        1,
        1,
        1,
        1,
        1,
        1,
        1,
        1,
        1,
        1,
        1,
        1,
        1,
        1,
        1,
        1,
        1,
        1,
        1,
        1,
        1,
        1,
        1,
        1,
        1,
        1,
        0.98828065,
        0.9288363,
        0.7806658,
        0.57941735,
        0.40687433,
        0.27529213,
        0.18131107,
        0.11697123,
        0.074225225,
        0.046460062,
        0.028744182,
        0.017604083,
        0.010684598
      ]
    }
  ]
}