{
  "frame_ids": [
    0,
    16,
    32,
    48,
    64,
    80,
    96,
    112,
    128,
    144,
    160,
    176,
    192,
    208,
    224,
    240,
    256,
    272,
    288,
    304,
    320,
    336,
    352
  ],
  "features": [
    {
      "name": "RevealElement_position",
      "type": "dpOffset",
      "data_points": [
        {
          "type": "not_found"
        },
        {
          "x": 5.2,
          "y": 5.2
        },
        {
          "x": 5.2,
          "y": 5.2
        },
        {
          "x": 5.2,
          "y": 5.2
        },
        {
          "x": 5.2,
          "y": 5.2
        },
        {
          "x": 5.2,
          "y": 5.2
        },
        {
          "x": 5.2,
          "y": 5.2
        },
        {
          "x": 5.2,
          "y": 5.2
        },
        {
          "x": 5.2,
          "y": 5.2
        },
        {
          "x": 5.2,
          "y": 5.2
        },
        {
          "x": 5.2,
          "y": 5.2
        },
        {
          "x": 5.2,
          "y": 5.2
        },
        {
          "x": 5.2,
          "y": 5.2
        },
        {
          "x": 5.2,
          "y": 5.2
        },
        {
          "x": 5.2,
          "y": 5.2
        },
        {
          "x": 5.2,
          "y": 5.2
        },
        {
          "x": 5.2,
          "y": 5.2
        },
        {
          "x": 5.2,
          "y": 5.2
        },
        {
          "x": 5.2,
          "y": 5.2
        },
        {
          "x": 5.2,
          "y": 5.2
        },
        {
          "x": 5.2,
          "y": 5.2
        },
        {
          "x": 5.2,
          "y": 5.2
        },
        {
          "x": 5.2,
          "y": 5.2
        }
      ]
    },
    {
      "name": "RevealElement_size",
      "type": "dpSize",
      "data_points": [
        {
          "type": "not_found"
        },
        {
          "width": 150,
          "height": 0
        },
        {
          "width": 150,
          "height": 5.2
        },
        {
          "width": 150,
          "height": 16
        },
        {
          "width": 150,
          "height": 28.4
        },
        {
          "width": 150,
          "height": 63.6
        },
        {
          "width": 150,
          "height": 116.4
        },
        {
          "width": 150,
          "height": 161.2
        },
        {
          "width": 150,
          "height": 197.2
        },
        {
          "width": 150,
          "height": 225.2
        },
        {
          "width": 150,
          "height": 246.8
        },
        {
          "width": 150,
          "height": 262.4
        },
        {
          "width": 150,
          "height": 274
        },
        {
          "width": 150,
          "height": 282.4
        },
        {
          "width": 150,
          "height": 288.4
        },
        {
          "width": 150,
          "height": 292.4
        },
        {
          "width": 150,
          "height": 294.8
        },
        {
          "width": 150,
          "height": 296.4
        },
        {
          "width": 150,
          "height": 297.6
        },
        {
          "width": 150,
          "height": 298.4
        },
        {
          "width": 150,
          "height": 299.2
        },
        {
          "width": 150,
          "height": 299.6
        },
        {
          "width": 150,
          "height": 299.6
        }
      ]
    },
    {
      "name": "RevealElement_alpha",
      "type": "float",
      "data_points": [
        {
          "type": "not_found"
        },
        0,
        0,
        0.0951103,
        0.2911651,
        0.48551244,
        0.6439433,
        0.76157355,
        0.8441935,
        0.9001033,
        0.9369305,
        0.96069145,
        0.97577035,
        0.98520935,
        0.9910494,
        1,
        1,
        1,
        1,
        1,
        1,
        1,
        1
      ]
    }
  ]
}