{
  "frame_ids": [
    0,
    16,
    32,
    48,
    64,
    80,
    96,
    112,
    128,
    144,
    160,
    176,
    192,
    208,
    224,
    240,
    256,
    272,
    288,
    304,
    320,
    336,
    352,
    368,
    "after"
  ],
  "features": [
    {
      "name": "Foo_yOffset",
      "type": "float",
      "data_points": [
        {
          "type": "not_found"
        },
        {
          "type": "not_found"
        },
        125,
        125,
        124.28647,
        107.02858,
        81.95502,
        0,
        0,
        0,
        0,
        7.2947845,
        30.375374,
        55.12497,
        75.944496,
        91.69751,
        102.92622,
        110.62873,
        115.772865,
        119.141266,
        121.313736,
        122.69816,
        123.57184,
        124.11877,
        {
          "type": "not_found"
        }
      ]
    }
  ]
}