{
  "frame_ids": [
    0,
    16,
    32,
    48,
    64,
    80,
    96,
    112,
    128,
    144,
    160,
    176,
    192,
    208,
    224,
    240,
    256,
    "after"
  ],
  "features": [
    {
      "name": "Foo_yOffset",
      "type": "float",
      "data_points": [
        125,
        125,
        125,
        125,
        111.61491,
        86.9892,
        63.112034,
        43.8049,
        29.501678,
        19.439606,
        12.599068,
        8.06028,
        5.102936,
        3.2029724,
        1.9959946,
        1.2362518,
        0.761673,
        0
      ]
    }
  ]
}