{
  "frame_ids": [
    0,
    16,
    32,
    48,
    64,
    80,
    "after"
  ],
  "features": [
    {
      "name": "Foo_yOffset",
      "type": "float",
      "data_points": [
        125,
        104.166664,
        83.33333,
        62.5,
        41.666664,
        20.833336,
        0
      ]
    }
  ]
}